// Jest Snapshot v1, https://goo.gl/fbAQLP

exports[`ui-system/s-dialog ui-dialog отображается 1`] = `
<transition-stub name="modal">
  <!---->
</transition-stub>
`;
