// Jest Snapshot v1, https://goo.gl/fbAQLP

exports[`ui-system/s-tabs s-tabs отображается 1`] = `
<div class="s-tabs">
  <div class="s-tabs__nav">
    <ul class="s-tabs__nav-list"></ul>
  </div>
  <div class="s-tabs__content"></div>
</div>
`;
